---
source: tests/config.rs
expression: stdout.as_ref()
---

