---
source: tests/run_command.rs
expression: stdout
---

