---
source: tests/run_command.rs
expression: stdout
---
library | build | "Building Library"

