---
source: tests/run_command.rs
expression: "workspace.run([\"run\", \"build\", \"--since\", \"HEAD\"])"
---
 nested | build | "Building Nested"

